// Jest Snapshot v1, https://goo.gl/fbAQLP

exports[`<App> Render <APP> 1`] = `
<div>
  <div
    class="document"
  >
    <div
      class="document-content"
    >
      Book 
      1
    </div>
  </div>
</div>
`;
